$ swiftc -v
Swift version 3.0-dev (LLVM f54fa77021, Clang 0e6c928036, Swift 80f0044adf)
Target: x86_64-unknown-linux-gnu

$ cat main.swift
print("hello")


Standard dynamic binary:

$ swiftc -O -o main main.swift
$ ldd main
	linux-vdso.so.1 (0x00007ffed5637000)
	libswiftCore.so => /home/spse/swift-DEVELOPMENT-SNAPSHOT-2016-09-04-a-ubuntu14.04/usr/lib/swift/linux/libswiftCore.so (0x00007f212c094000)
	libstdc++.so.6 => /usr/lib/x86_64-linux-gnu/libstdc++.so.6 (0x00007f212bd89000)
	libm.so.6 => /lib/x86_64-linux-gnu/libm.so.6 (0x00007f212ba88000)
	libgcc_s.so.1 => /lib/x86_64-linux-gnu/libgcc_s.so.1 (0x00007f212b872000)
	libc.so.6 => /lib/x86_64-linux-gnu/libc.so.6 (0x00007f212b4c7000)
	libpthread.so.0 => /lib/x86_64-linux-gnu/libpthread.so.0 (0x00007f212b2aa000)
	libdl.so.2 => /lib/x86_64-linux-gnu/libdl.so.2 (0x00007f212b0a6000)
	libicuuc.so.52 => /usr/lib/x86_64-linux-gnu/libicuuc.so.52 (0x00007f212ad28000)
	libicui18n.so.52 => /usr/lib/x86_64-linux-gnu/libicui18n.so.52 (0x00007f212a916000)
	/lib64/ld-linux-x86-64.so.2 (0x00007f212c476000)
	libicudata.so.52 => /usr/lib/x86_64-linux-gnu/libicudata.so.52 (0x00007f21290a9000)

$ ./main
hello


Staticaly linking in libSwiftCore:

$ swiftc -O -o main -static-stdlib main.swift
$ ldd main
	linux-vdso.so.1 (0x00007ffca5323000)
	libdl.so.2 => /lib/x86_64-linux-gnu/libdl.so.2 (0x00007fd5a6a5f000)
	libpthread.so.0 => /lib/x86_64-linux-gnu/libpthread.so.0 (0x00007fd5a6842000)
	libbsd.so.0 => /lib/x86_64-linux-gnu/libbsd.so.0 (0x00007fd5a6632000)
	libicui18n.so.52 => /usr/lib/x86_64-linux-gnu/libicui18n.so.52 (0x00007fd5a6220000)
	libicuuc.so.52 => /usr/lib/x86_64-linux-gnu/libicuuc.so.52 (0x00007fd5a5ea2000)
	libstdc++.so.6 => /usr/lib/x86_64-linux-gnu/libstdc++.so.6 (0x00007fd5a5b97000)
	libm.so.6 => /lib/x86_64-linux-gnu/libm.so.6 (0x00007fd5a5896000)
	libgcc_s.so.1 => /lib/x86_64-linux-gnu/libgcc_s.so.1 (0x00007fd5a5680000)
	libc.so.6 => /lib/x86_64-linux-gnu/libc.so.6 (0x00007fd5a52d5000)
	/lib64/ld-linux-x86-64.so.2 (0x00007fd5a6c63000)
	libicudata.so.52 => /usr/lib/x86_64-linux-gnu/libicudata.so.52 (0x00007fd5a3a68000)

$ ./main
hello


Full command:

$ swiftc -v -O -o main -static-stdlib main.swift
Swift version 3.0-dev (LLVM f54fa77021, Clang 0e6c928036, Swift 80f0044adf)
Target: x86_64-unknown-linux-gnu
/home/spse/swift-DEVELOPMENT-SNAPSHOT-2016-09-04-a-ubuntu14.04/usr/bin/swift -frontend -c -primary-file main.swift -target x86_64-unknown-linux-gnu -disable-objc-interop -O -module-name main -o /tmp/main-23bb06.o
/home/spse/swift-DEVELOPMENT-SNAPSHOT-2016-09-04-a-ubuntu14.04/usr/bin/swift-autolink-extract /tmp/main-23bb06.o -o /tmp/main-2f6852.autolink
/usr/bin/clang++ -fuse-ld=gold -target x86_64-unknown-linux-gnu -Xlinker -rpath -Xlinker /home/spse/swift-DEVELOPMENT-SNAPSHOT-2016-09-04-a-ubuntu14.04/usr/lib/swift/linux /home/spse/swift-DEVELOPMENT-SNAPSHOT-2016-09-04-a-ubuntu14.04/usr/lib/swift/linux/x86_64/swift_begin.o /tmp/main-23bb06.o -L /home/spse/swift-DEVELOPMENT-SNAPSHOT-2016-09-04-a-ubuntu14.04/usr/lib/swift_static/linux -ldl -lpthread -lbsd -licui18n -licuuc -Xlinker -export-dynamic -Xlinker --exclude-libs -Xlinker ALL --target=x86_64-unknown-linux-gnu -lswiftCore @/tmp/main-2f6852.autolink /home/spse/swift-DEVELOPMENT-SNAPSHOT-2016-09-04-a-ubuntu14.04/usr/lib/swift/linux/x86_64/swift_end.o -o main


Breaking it down:

$ swiftc -O -v -emit-object -o main.o main.swift
$ swift-autolink-extract main.o >main.autolink
$ cat main.autolink
-lswiftCore
$ /usr/bin/clang++ -fuse-ld=gold -target x86_64-unknown-linux-gnu -Xlinker -rpath -Xlinker /home/spse/swift-DEVELOPMENT-SNAPSHOT-2016-09-04-a-ubuntu14.04/usr/lib/swift/linux /home/spse/swift-DEVELOPMENT-SNAPSHOT-2016-09-04-a-ubuntu14.04/usr/lib/swift/linux/x86_64/swift_begin.o main.o -L /home/spse/swift-DEVELOPMENT-SNAPSHOT-2016-09-04-a-ubuntu14.04/usr/lib/swift_static/linux -ldl -lpthread -lbsd -licui18n -licuuc -Xlinker -export-dynamic -Xlinker --exclude-libs -Xlinker ALL --target=x86_64-unknown-linux-gnu -lswiftCore @main.autolink /home/spse/swift-DEVELOPMENT-SNAPSHOT-2016-09-04-a-ubuntu14.04/usr/lib/swift/linux/x86_64/swift_end.o -o main
$ ./main
hello


Specify .a files to use instead of .so, remove -lbsd -licui18n -licuuc from command line:


$ cat main.autolink
-lswiftCore
/usr/lib/x86_64-linux-gnu/libbsd.a
/usr/lib/x86_64-linux-gnu/libicui18n.a
/usr/lib/x86_64-linux-gnu/libicuuc.a

$ /usr/bin/clang++ -fuse-ld=gold -target x86_64-unknown-linux-gnu -Xlinker -rpath -Xlinker /home/spse/swift-DEVELOPMENT-SNAPSHOT-2016-09-04-a-ubuntu14.04/usr/lib/swift/linux /home/spse/swift-DEVELOPMENT-SNAPSHOT-2016-09-04-a-ubuntu14.04/usr/lib/swift/linux/x86_64/swift_begin.o main.o -L /home/spse/swift-DEVELOPMENT-SNAPSHOT-2016-09-04-a-ubuntu14.04/usr/lib/swift_static/linux -ldl -lpthread  -Xlinker -export-dynamic -Xlinker --exclude-libs -Xlinker ALL --target=x86_64-unknown-linux-gnu -lswiftCore @main.autolink /home/spse/swift-DEVELOPMENT-SNAPSHOT-2016-09-04-a-ubuntu14.04/usr/lib/swift/linux/x86_64/swift_end.o -o main
/usr/lib/x86_64-linux-gnu/libicuuc.a(udata.ao):function openCommonData(char const*, int, UErrorCode*): error: undefined reference to 'icudt52_dat'
clang: error: linker command failed with exit code 1 (use -v to see invocation)

Need to find icudt52_dat

$ for i in /usr/lib/x86_64-linux-gnu/libicu*.a; do echo $i; nm $i|grep icudt52_dat; done
/usr/lib/x86_64-linux-gnu/libicudata.a
0000000000000000 R icudt52_dat
/usr/lib/x86_64-linux-gnu/libicui18n.a
/usr/lib/x86_64-linux-gnu/libicuio.a
/usr/lib/x86_64-linux-gnu/libicule.a
/usr/lib/x86_64-linux-gnu/libiculx.a
/usr/lib/x86_64-linux-gnu/libicutest.a
/usr/lib/x86_64-linux-gnu/libicutu.a
/usr/lib/x86_64-linux-gnu/libicuuc.a
                 U icudt52_dat
$

Add /usr/lib/x86_64-linux-gnu/libicudata.a into main.autolink and try again:

$ cat main.autolink
-lswiftCore
/usr/lib/x86_64-linux-gnu/libbsd.a
/usr/lib/x86_64-linux-gnu/libicui18n.a
/usr/lib/x86_64-linux-gnu/libicuuc.a
/usr/lib/x86_64-linux-gnu/libicudata.a

$ /usr/bin/clang++ -fuse-ld=gold -target x86_64-unknown-linux-gnu -Xlinker -rpath -Xlinker /home/spse/swift-DEVELOPMENT-SNAPSHOT-2016-09-04-a-ubuntu14.04/usr/lib/swift/linux /home/spse/swift-DEVELOPMENT-SNAPSHOT-2016-09-04-a-ubuntu14.04/usr/lib/swift/linux/x86_64/swift_begin.o main.o -L /home/spse/swift-DEVELOPMENT-SNAPSHOT-2016-09-04-a-ubuntu14.04/usr/lib/swift_static/linux -ldl -lpthread  -Xlinker -export-dynamic -Xlinker --exclude-libs -Xlinker ALL --target=x86_64-unknown-linux-gnu -lswiftCore @main.autolink /home/spse/swift-DEVELOPMENT-SNAPSHOT-2016-09-04-a-ubuntu14.04/usr/lib/swift/linux/x86_64/swift_end.o -o main
$ ./main
hello

$ ldd main
	linux-vdso.so.1 (0x00007ffef2934000)
	libdl.so.2 => /lib/x86_64-linux-gnu/libdl.so.2 (0x00007f0ad3d5b000)
	libpthread.so.0 => /lib/x86_64-linux-gnu/libpthread.so.0 (0x00007f0ad3b3e000)
	libstdc++.so.6 => /usr/lib/x86_64-linux-gnu/libstdc++.so.6 (0x00007f0ad3833000)
	libm.so.6 => /lib/x86_64-linux-gnu/libm.so.6 (0x00007f0ad3532000)
	libgcc_s.so.1 => /lib/x86_64-linux-gnu/libgcc_s.so.1 (0x00007f0ad331c000)
	libc.so.6 => /lib/x86_64-linux-gnu/libc.so.6 (0x00007f0ad2f71000)
	/lib64/ld-linux-x86-64.so.2 (0x00007f0ad3f5f000)
$

# Save working version
$ mv main main.works

# Try building fully static version by adding `-static' option to clang++
$ /usr/bin/clang++ -static -fuse-ld=gold -target x86_64-unknown-linux-gnu -Xlinker -rpath -Xlinker /home/spse/swift-DEVELOPMENT-SNAPSHOT-2016-09-04-a-ubuntu14.04/usr/lib/swift/linux /home/spse/swift-DEVELOPMENT-SNAPSHOT-2016-09-04-a-ubuntu14.04/usr/lib/swift/linux/x86_64/swift_begin.o main.o -L /home/spse/swift-DEVELOPMENT-SNAPSHOT-2016-09-04-a-ubuntu14.04/usr/lib/swift_static/linux -ldl -lpthread  -Xlinker -export-dynamic -Xlinker --exclude-libs -Xlinker ALL --target=x86_64-unknown-linux-gnu -lswiftCore @main.autolink /home/spse/swift-DEVELOPMENT-SNAPSHOT-2016-09-04-a-ubuntu14.04/usr/lib/swift/linux/x86_64/swift_end.o -o main
/home/spse/swift-DEVELOPMENT-SNAPSHOT-2016-09-04-a-ubuntu14.04/usr/lib/swift_static/linux/libswiftCore.a(Errors.cpp.o):/home/buildnode/disk2/workspace/oss-swift-package-linux-ubuntu-14_04/swift/stdlib/public/runtime/Errors.cpp:function swift_reportError: error: undefined reference to 'dladdr'
/home/spse/swift-DEVELOPMENT-SNAPSHOT-2016-09-04-a-ubuntu14.04/usr/lib/swift_static/linux/libswiftCore.a(MutexPThread.cpp.o):/home/buildnode/disk2/workspace/oss-swift-package-linux-ubuntu-14_04/swift/stdlib/public/runtime/MutexPThread.cpp:function swift::ConditionPlatformHelper::init(pthread_cond_t&): error: undefined reference to 'pthread_cond_init'
/home/spse/swift-DEVELOPMENT-SNAPSHOT-2016-09-04-a-ubuntu14.04/usr/lib/swift_static/linux/libswiftCore.a(MutexPThread.cpp.o):/home/buildnode/disk2/workspace/oss-swift-package-linux-ubuntu-14_04/swift/stdlib/public/runtime/MutexPThread.cpp:function swift::ConditionPlatformHelper::destroy(pthread_cond_t&): error: undefined reference to 'pthread_cond_destroy'
/home/spse/swift-DEVELOPMENT-SNAPSHOT-2016-09-04-a-ubuntu14.04/usr/lib/swift_static/linux/libswiftCore.a(MutexPThread.cpp.o):/home/buildnode/disk2/workspace/oss-swift-package-linux-ubuntu-14_04/swift/stdlib/public/runtime/MutexPThread.cpp:function swift::ConditionPlatformHelper::notifyOne(pthread_cond_t&): error: undefined reference to 'pthread_cond_signal'
/home/spse/swift-DEVELOPMENT-SNAPSHOT-2016-09-04-a-ubuntu14.04/usr/lib/swift_static/linux/libswiftCore.a(MutexPThread.cpp.o):/home/buildnode/disk2/workspace/oss-swift-package-linux-ubuntu-14_04/swift/stdlib/public/runtime/MutexPThread.cpp:function swift::ConditionPlatformHelper::notifyAll(pthread_cond_t&): error: undefined reference to 'pthread_cond_broadcast'
/home/spse/swift-DEVELOPMENT-SNAPSHOT-2016-09-04-a-ubuntu14.04/usr/lib/swift_static/linux/libswiftCore.a(MutexPThread.cpp.o):/home/buildnode/disk2/workspace/oss-swift-package-linux-ubuntu-14_04/swift/stdlib/public/runtime/MutexPThread.cpp:function swift::ConditionPlatformHelper::wait(pthread_cond_t&, pthread_mutex_t&): error: undefined reference to 'pthread_cond_wait'
/home/spse/swift-DEVELOPMENT-SNAPSHOT-2016-09-04-a-ubuntu14.04/usr/lib/swift_static/linux/libswiftCore.a(MutexPThread.cpp.o):/home/buildnode/disk2/workspace/oss-swift-package-linux-ubuntu-14_04/swift/stdlib/public/runtime/MutexPThread.cpp:function swift::MutexPlatformHelper::init(pthread_mutex_t&, bool): error: undefined reference to 'pthread_mutexattr_init'
/home/spse/swift-DEVELOPMENT-SNAPSHOT-2016-09-04-a-ubuntu14.04/usr/lib/swift_static/linux/libswiftCore.a(MutexPThread.cpp.o):/home/buildnode/disk2/workspace/oss-swift-package-linux-ubuntu-14_04/swift/stdlib/public/runtime/MutexPThread.cpp:function swift::MutexPlatformHelper::init(pthread_mutex_t&, bool): error: undefined reference to 'pthread_mutexattr_settype'
/home/spse/swift-DEVELOPMENT-SNAPSHOT-2016-09-04-a-ubuntu14.04/usr/lib/swift_static/linux/libswiftCore.a(MutexPThread.cpp.o):/home/buildnode/disk2/workspace/oss-swift-package-linux-ubuntu-14_04/swift/stdlib/public/runtime/MutexPThread.cpp:function swift::MutexPlatformHelper::init(pthread_mutex_t&, bool): error: undefined reference to 'pthread_mutex_init'
/home/spse/swift-DEVELOPMENT-SNAPSHOT-2016-09-04-a-ubuntu14.04/usr/lib/swift_static/linux/libswiftCore.a(MutexPThread.cpp.o):/home/buildnode/disk2/workspace/oss-swift-package-linux-ubuntu-14_04/swift/stdlib/public/runtime/MutexPThread.cpp:function swift::MutexPlatformHelper::init(pthread_mutex_t&, bool): error: undefined reference to 'pthread_mutexattr_destroy'
/home/spse/swift-DEVELOPMENT-SNAPSHOT-2016-09-04-a-ubuntu14.04/usr/lib/swift_static/linux/libswiftCore.a(MutexPThread.cpp.o):/home/buildnode/disk2/workspace/oss-swift-package-linux-ubuntu-14_04/swift/stdlib/public/runtime/MutexPThread.cpp:function swift::MutexPlatformHelper::destroy(pthread_mutex_t&): error: undefined reference to 'pthread_mutex_destroy'
/home/spse/swift-DEVELOPMENT-SNAPSHOT-2016-09-04-a-ubuntu14.04/usr/lib/swift_static/linux/libswiftCore.a(MutexPThread.cpp.o):/home/buildnode/disk2/workspace/oss-swift-package-linux-ubuntu-14_04/swift/stdlib/public/runtime/MutexPThread.cpp:function swift::MutexPlatformHelper::lock(pthread_mutex_t&): error: undefined reference to 'pthread_mutex_lock'
/home/spse/swift-DEVELOPMENT-SNAPSHOT-2016-09-04-a-ubuntu14.04/usr/lib/swift_static/linux/libswiftCore.a(MutexPThread.cpp.o):/home/buildnode/disk2/workspace/oss-swift-package-linux-ubuntu-14_04/swift/stdlib/public/runtime/MutexPThread.cpp:function swift::MutexPlatformHelper::unlock(pthread_mutex_t&): error: undefined reference to 'pthread_mutex_unlock'
/home/spse/swift-DEVELOPMENT-SNAPSHOT-2016-09-04-a-ubuntu14.04/usr/lib/swift_static/linux/libswiftCore.a(MutexPThread.cpp.o):/home/buildnode/disk2/workspace/oss-swift-package-linux-ubuntu-14_04/swift/stdlib/public/runtime/MutexPThread.cpp:function swift::MutexPlatformHelper::try_lock(pthread_mutex_t&): error: undefined reference to 'pthread_mutex_trylock'
/home/spse/swift-DEVELOPMENT-SNAPSHOT-2016-09-04-a-ubuntu14.04/usr/lib/swift_static/linux/libswiftCore.a(MutexPThread.cpp.o):/home/buildnode/disk2/workspace/oss-swift-package-linux-ubuntu-14_04/swift/stdlib/public/runtime/MutexPThread.cpp:function swift::ReadWriteLockPlatformHelper::init(pthread_rwlock_t&): error: undefined reference to 'pthread_rwlock_init'
/home/spse/swift-DEVELOPMENT-SNAPSHOT-2016-09-04-a-ubuntu14.04/usr/lib/swift_static/linux/libswiftCore.a(MutexPThread.cpp.o):/home/buildnode/disk2/workspace/oss-swift-package-linux-ubuntu-14_04/swift/stdlib/public/runtime/MutexPThread.cpp:function swift::ReadWriteLockPlatformHelper::destroy(pthread_rwlock_t&): error: undefined reference to 'pthread_rwlock_destroy'
/home/spse/swift-DEVELOPMENT-SNAPSHOT-2016-09-04-a-ubuntu14.04/usr/lib/swift_static/linux/libswiftCore.a(MutexPThread.cpp.o):/home/buildnode/disk2/workspace/oss-swift-package-linux-ubuntu-14_04/swift/stdlib/public/runtime/MutexPThread.cpp:function swift::ReadWriteLockPlatformHelper::readLock(pthread_rwlock_t&): error: undefined reference to 'pthread_rwlock_rdlock'
/home/spse/swift-DEVELOPMENT-SNAPSHOT-2016-09-04-a-ubuntu14.04/usr/lib/swift_static/linux/libswiftCore.a(MutexPThread.cpp.o):/home/buildnode/disk2/workspace/oss-swift-package-linux-ubuntu-14_04/swift/stdlib/public/runtime/MutexPThread.cpp:function swift::ReadWriteLockPlatformHelper::try_readLock(pthread_rwlock_t&): error: undefined reference to 'pthread_rwlock_tryrdlock'
/home/spse/swift-DEVELOPMENT-SNAPSHOT-2016-09-04-a-ubuntu14.04/usr/lib/swift_static/linux/libswiftCore.a(MutexPThread.cpp.o):/home/buildnode/disk2/workspace/oss-swift-package-linux-ubuntu-14_04/swift/stdlib/public/runtime/MutexPThread.cpp:function swift::ReadWriteLockPlatformHelper::writeLock(pthread_rwlock_t&): error: undefined reference to 'pthread_rwlock_wrlock'
/home/spse/swift-DEVELOPMENT-SNAPSHOT-2016-09-04-a-ubuntu14.04/usr/lib/swift_static/linux/libswiftCore.a(MutexPThread.cpp.o):/home/buildnode/disk2/workspace/oss-swift-package-linux-ubuntu-14_04/swift/stdlib/public/runtime/MutexPThread.cpp:function swift::ReadWriteLockPlatformHelper::try_writeLock(pthread_rwlock_t&): error: undefined reference to 'pthread_rwlock_trywrlock'
/home/spse/swift-DEVELOPMENT-SNAPSHOT-2016-09-04-a-ubuntu14.04/usr/lib/swift_static/linux/libswiftCore.a(MutexPThread.cpp.o):/home/buildnode/disk2/workspace/oss-swift-package-linux-ubuntu-14_04/swift/stdlib/public/runtime/MutexPThread.cpp:function swift::ReadWriteLockPlatformHelper::readUnlock(pthread_rwlock_t&): error: undefined reference to 'pthread_rwlock_unlock'
/home/spse/swift-DEVELOPMENT-SNAPSHOT-2016-09-04-a-ubuntu14.04/usr/lib/swift_static/linux/libswiftCore.a(MutexPThread.cpp.o):/home/buildnode/disk2/workspace/oss-swift-package-linux-ubuntu-14_04/swift/stdlib/public/runtime/MutexPThread.cpp:function swift::ReadWriteLockPlatformHelper::writeUnlock(pthread_rwlock_t&): error: undefined reference to 'pthread_rwlock_unlock'
/home/spse/swift-DEVELOPMENT-SNAPSHOT-2016-09-04-a-ubuntu14.04/usr/lib/swift_static/linux/libswiftCore.a(ProtocolConformance.cpp.o):/home/buildnode/disk2/workspace/oss-swift-package-linux-ubuntu-14_04/swift/stdlib/public/runtime/ProtocolConformance.cpp:function _addImageProtocolConformances(dl_phdr_info*, unsigned long, void*): error: undefined reference to 'dlopen'
/home/spse/swift-DEVELOPMENT-SNAPSHOT-2016-09-04-a-ubuntu14.04/usr/lib/swift_static/linux/libswiftCore.a(ProtocolConformance.cpp.o):/home/buildnode/disk2/workspace/oss-swift-package-linux-ubuntu-14_04/swift/stdlib/public/runtime/ProtocolConformance.cpp:function _addImageProtocolConformances(dl_phdr_info*, unsigned long, void*): error: undefined reference to 'dlsym'
/home/spse/swift-DEVELOPMENT-SNAPSHOT-2016-09-04-a-ubuntu14.04/usr/lib/swift_static/linux/libswiftCore.a(ProtocolConformance.cpp.o):/home/buildnode/disk2/workspace/oss-swift-package-linux-ubuntu-14_04/swift/stdlib/public/runtime/ProtocolConformance.cpp:function _addImageProtocolConformances(dl_phdr_info*, unsigned long, void*): error: undefined reference to 'dlclose'
/usr/lib/x86_64-linux-gnu/libicuuc.a(umutex.ao):function icu_52::umtx_initImplPreInit(icu_52::UInitOnce&): error: undefined reference to 'pthread_mutex_lock'
/usr/lib/x86_64-linux-gnu/libicuuc.a(umutex.ao):function icu_52::umtx_initImplPreInit(icu_52::UInitOnce&): error: undefined reference to 'pthread_cond_wait'
/usr/lib/x86_64-linux-gnu/libicuuc.a(umutex.ao):function icu_52::umtx_initImplPreInit(icu_52::UInitOnce&): error: undefined reference to 'pthread_mutex_unlock'
/usr/lib/x86_64-linux-gnu/libicuuc.a(umutex.ao):function icu_52::umtx_initImplPreInit(icu_52::UInitOnce&): error: undefined reference to 'pthread_mutex_unlock'
/usr/lib/x86_64-linux-gnu/libicuuc.a(umutex.ao):function icu_52::umtx_initImplPostInit(icu_52::UInitOnce&): error: undefined reference to 'pthread_mutex_lock'
/usr/lib/x86_64-linux-gnu/libicuuc.a(umutex.ao):function icu_52::umtx_initImplPostInit(icu_52::UInitOnce&): error: undefined reference to 'pthread_cond_broadcast'
/usr/lib/x86_64-linux-gnu/libicuuc.a(umutex.ao):function umtx_lock_52: error: undefined reference to 'pthread_mutex_lock'
/usr/lib/x86_64-linux-gnu/libicuuc.a(umutex.ao):function umtx_unlock_52: error: undefined reference to 'pthread_mutex_unlock'
/usr/lib/x86_64-linux-gnu/libicuuc.a(putil.ao):function uprv_dl_open_52: error: undefined reference to 'dlopen'
/usr/lib/x86_64-linux-gnu/libicuuc.a(putil.ao):function uprv_dlsym_func_52: error: undefined reference to 'dlsym'
/usr/lib/x86_64-linux-gnu/libicuuc.a(putil.ao):function uprv_dl_close_52: error: undefined reference to 'dlclose'
clang: error: linker command failed with exit code 1 (use -v to see invocation)
$

# pthread and dl errors, -ldl and -lpthread are in the options but could be in the wrong place and maybe getting ignored so add them into the main.autolink file instead, also remove the -rpath from the command line. And tidyup the static libs

$ cat main.autolink
-lswiftCore
-lbsd
-licui18n
-licuuc
-licudata
-ldl
-lpthread
$ /usr/bin/clang++ -static -fuse-ld=gold -target x86_64-unknown-linux-gnu /home/spse/swift-DEVELOPMENT-SNAPSHOT-2016-09-04-a-ubuntu14.04/usr/lib/swift/linux/x86_64/swift_begin.o main.o -L /home/spse/swift-DEVELOPMENT-SNAPSHOT-2016-09-04-a-ubuntu14.04/usr/lib/swift_static/linux  -Xlinker -export-dynamic -Xlinker --exclude-libs -Xlinker ALL --target=x86_64-unknown-linux-gnu @main.autolink /home/spse/swift-DEVELOPMENT-SNAPSHOT-2016-09-04-a-ubuntu14.04/usr/lib/swift/linux/x86_64/swift_end.o -o main
/home/spse/swift-DEVELOPMENT-SNAPSHOT-2016-09-04-a-ubuntu14.04/usr/lib/swift_static/linux/libswiftCore.a(ProtocolConformance.cpp.o):/home/buildnode/disk2/workspace/oss-swift-package-linux-ubuntu-14_04/swift/stdlib/public/runtime/ProtocolConformance.cpp:function _addImageProtocolConformances(dl_phdr_info*, unsigned long, void*): warning: Using 'dlopen' in statically linked applications requires at runtime the shared libraries from the glibc version used for linking
/usr/bin/../lib/gcc/x86_64-linux-gnu/4.9/../../../x86_64-linux-gnu/libicuuc.a(putil.ao):function uprv_dl_open_52: warning: Using 'dlopen' in statically linked applications requires at runtime the shared libraries from the glibc version used for linking
$ file main
main: ELF 64-bit LSB executable, x86-64, version 1 (SYSV), statically linked, for GNU/Linux 2.6.32, BuildID[sha1]=dfdd7d31f0da89678d03081d4e551483ddad51cd, not stripped
$ ldd main
	not a dynamic executable
$

# Finally have a static binary.. but from the warning above 'dlopen' could cause some problems
$ ./main
Aborted
$

# but it doesnt work!
